[ 0, 1, 2, 3, 4, 5, 6, 7 ]
[ 0, 2, 4, 6 ]
[ 1, 3, 5, 7 ]
[ 0, 3 ]
[ 1, 4 ]
[ 2, 5 ]
[ 0, 3 ]
=======
[ 0, 1, 2, 3; 4, 5, 6, 7; 8, 9, 10, 11; 12, 13, 14, 15 ]
[ 0, 2; 4, 6; 8, 10; 12, 14 ]
[ 0, 1, 2, 3; 8, 9, 10, 11 ]
[ 0, 2; 8, 10 ]
[ 1, 3; 9, 11 ]
[ 4, 6; 12, 14 ]
