[ 1, 11, 2, 12; 101, 111, 102, 112; 201, 211, 202, 212; 3, 13, 4, 14; 103, 113, 104, 114; 203, 213, 204, 214 ]
