[ 1, 2, 1, 1 ] 0 10
[ 1, 2, 1, 1 ] true false
[ 2, 2, 1, 1 ] 1 12
[ 2, 2, 1, 1 ] false true
[ 3, 2, 1, 1 ] 12 24
[ 3, 2, 1, 1 ] true false
[ 4, 2, 1, 1 ] 13 26
[ 4, 2, 1, 1 ] true false
