23
23
[ 2, 3, 1.25 ]
[ 2, 3, 1.25 ]
[ "foo", "false", "bat", "false" ]
[ "foo", "false", "bat", "false" ]
[ 2, 11.5, 4 ]
[ 2, 11.5, 4 ]
[ 1.5, 42, 1.25 ]
[ 1.5, 42, 1.25 ]
foo
foo
[ 2, 3.5, 1.25 ]
[ 2, 3.5, 1.25 ]
[ "false", "bar", "false", "baz" ]
[ "false", "bar", "false", "baz" ]
[ 11.5, 3, 11.5 ]
[ 11.5, 3, 11.5 ]
[ 42, 3.5, 42 ]
[ 42, 3.5, 42 ]
