int32 23: double 1.25
int32 [ 42, 23 ]: double [ 2.25, 3.25 ]
int32 [ 14, 12, 13, 11, 10 ]: double [ 7.25, 6.25, 5.25, 4.25, 9.25 ]
