true
false
0
255
-128
127
0
65535
-32768
32767
0
4294967295
-2147483648
2147483647
0
18446744073709551615
-9223372036854775808
9223372036854775807
-3.40282e+38
3.40282e+38
-1.79769e+308
1.79769e+308

foo
bar
