bool
int8
uint8
int16
uint16
int32
uint32
int64
uint64
string
bool
int8
uint8
int16
uint16
int32
uint32
int64
uint64
string
other
other
other
other
other
other
other
other
other
other
bool
int8
uint8
int16
uint16
int32
uint32
int64
uint64
string
