1 5 3
0 1 2 3
0 2 4
6 5 4 3
6 3
6 3 9

23 0.75 foo Frame{ int32 i = 43; }

2.125 1.5 s
