Frame{  int32 i = 23; string foo = "foo"; double d = 0.125; }
0
13
42
23
13
53
73
73
93
93
93
