23
0.75
1 2 foo bar
42
1 2 3 bar
42
1 2 3 4
42
2 4 1 3
42
f4
bar
