[ 0, 1, 2, 3, 4, 5, 6, 7, 8, 9 ]
[ 0, 1, 2, 3, 4, 5, 6, 7, 8, 9 ]
[ 13, 12, 11, 3, 4, 5, 6, 7, 8, 9 ]
[ 12, 11, 2, 3, 4, 5, 6, 7, 8, 9 ]
[ 0, 1, 2, 3, 4, 5, 6, 7, 13, 12 ]
[ 0, 1, 2, 3, 4; 5, 6, 7, 8, 9; 10, 11, 12, 13, 14; 15, 16, 17, 18, 19 ]
[ 15, 14, 2, 3, 4; 13, 12, 7, 8, 9; 11, 10, 12, 13, 14; 15, 16, 17, 18, 19 ]
[ 10, 1, 2, 3, 4; 5, 6, 7, 8, 9; 10, 11, 12, 13, 14; 15, 16, 17, 18, 19 ]
[ 0, 1, 2, 3, 4; 5, 6, 7, 8, 9; 10, 11, 12, 13, 14; 15, 16, 17, 18, 15 ]
